// Jest Snapshot v1, https://goo.gl/fbAQLP

exports[`A counter displays the count 1`] = `undefined`;
